Flow report for SmartFans
Sat Jan 04 22:22:23 2025
Quartus II 64-Bit Version 13.0.1 Build 232 06/12/2013 Service Pack 1 SJ Full Version


---------------------
; Table of Contents ;
---------------------
  1. Legal Notice
  2. Flow Summary
  3. Flow Settings
  4. Flow Non-Default Global Settings
  5. Flow Elapsed Time
  6. Flow OS Summary
  7. Flow Log
  8. Flow Messages
  9. Flow Suppressed Messages



----------------
; Legal Notice ;
----------------
Copyright (C) 1991-2013 Altera Corporation
Your use of Altera Corporation's design tools, logic functions 
and other software and tools, and its AMPP partner logic 
functions, and any output files from any of the foregoing 
(including device programming or simulation files), and any 
associated documentation or information are expressly subject 
to the terms and conditions of the Altera Program License 
Subscription Agreement, Altera MegaCore Function License 
Agreement, or other applicable license agreement, including, 
without limitation, that your use is for the sole purpose of 
programming logic devices manufactured by Altera and sold by 
Altera or its authorized distributors.  Please refer to the 
applicable agreement for further details.



+---------------------------------------------------------------------------------------+
; Flow Summary                                                                          ;
+------------------------------------+--------------------------------------------------+
; Flow Status                        ; Successful - Sat Jan 04 22:22:23 2025            ;
; Quartus II 64-Bit Version          ; 13.0.1 Build 232 06/12/2013 SP 1 SJ Full Version ;
; Revision Name                      ; SmartFans                                        ;
; Top-level Entity Name              ; SmartFans                                        ;
; Family                             ; Cyclone IV E                                     ;
; Device                             ; EP4CE10F17C8                                     ;
; Timing Models                      ; Final                                            ;
; Total logic elements               ; 2,112 / 10,320 ( 20 % )                          ;
;     Total combinational functions  ; 2,077 / 10,320 ( 20 % )                          ;
;     Dedicated logic registers      ; 271 / 10,320 ( 3 % )                             ;
; Total registers                    ; 271                                              ;
; Total pins                         ; 7 / 180 ( 4 % )                                  ;
; Total virtual pins                 ; 0                                                ;
; Total memory bits                  ; 0 / 423,936 ( 0 % )                              ;
; Embedded Multiplier 9-bit elements ; 0 / 46 ( 0 % )                                   ;
; Total PLLs                         ; 0 / 2 ( 0 % )                                    ;
+------------------------------------+--------------------------------------------------+


+-----------------------------------------+
; Flow Settings                           ;
+-------------------+---------------------+
; Option            ; Setting             ;
+-------------------+---------------------+
; Start date & time ; 01/04/2025 22:21:36 ;
; Main task         ; Compilation         ;
; Revision Name     ; SmartFans           ;
+-------------------+---------------------+


+----------------------------------------------------------------------------------------------------------------------------------------------------------------------+
; Flow Non-Default Global Settings                                                                                                                                     ;
+--------------------------------------+--------------------------------------------------------------------------------+---------------+-------------+----------------+
; Assignment Name                      ; Value                                                                          ; Default Value ; Entity Name ; Section Id     ;
+--------------------------------------+--------------------------------------------------------------------------------+---------------+-------------+----------------+
; COMPILER_SIGNATURE_ID                ; 106504699563023.173600049610064                                                ; --            ; --          ; --             ;
; EDA_DESIGN_INSTANCE_NAME             ; NA                                                                             ; --            ; --          ; tb_SmartFans   ;
; EDA_NATIVELINK_SIMULATION_TEST_BENCH ; tb_SmartFans                                                                   ; --            ; --          ; eda_simulation ;
; EDA_NETLIST_WRITER_OUTPUT_DIR        ; D:/Project/QuartusPrj/fire/ds18b20/sim                                         ; --            ; --          ; eda_simulation ;
; EDA_OUTPUT_DATA_FORMAT               ; Verilog Hdl                                                                    ; --            ; --          ; eda_simulation ;
; EDA_SIMULATION_TOOL                  ; ModelSim (Verilog)                                                             ; <None>        ; --          ; --             ;
; EDA_TEST_BENCH_ENABLE_STATUS         ; TEST_BENCH_MODE                                                                ; --            ; --          ; eda_simulation ;
; EDA_TEST_BENCH_FILE                  ; ../sim/tb_SmartFans.v                                                          ; --            ; --          ; tb_SmartFans   ;
; EDA_TEST_BENCH_MODULE_NAME           ; tb_SmartFans                                                                   ; --            ; --          ; tb_SmartFans   ;
; EDA_TEST_BENCH_NAME                  ; tb_SmartFans                                                                   ; --            ; --          ; eda_simulation ;
; EDA_TEST_BENCH_RUN_SIM_FOR           ; 1 us                                                                           ; --            ; --          ; tb_SmartFans   ;
; EDA_TIME_SCALE                       ; 1 ps                                                                           ; --            ; --          ; eda_simulation ;
; ENABLE_SIGNALTAP                     ; On                                                                             ; --            ; --          ; --             ;
; MAX_CORE_JUNCTION_TEMP               ; 85                                                                             ; --            ; --          ; --             ;
; MIN_CORE_JUNCTION_TEMP               ; 0                                                                              ; --            ; --          ; --             ;
; NOMINAL_CORE_SUPPLY_VOLTAGE          ; 1.2V                                                                           ; --            ; --          ; --             ;
; PARTITION_COLOR                      ; 16764057                                                                       ; --            ; --          ; Top            ;
; PARTITION_FITTER_PRESERVATION_LEVEL  ; PLACEMENT_AND_ROUTING                                                          ; --            ; --          ; Top            ;
; PARTITION_NETLIST_TYPE               ; SOURCE                                                                         ; --            ; --          ; Top            ;
; POWER_BOARD_THERMAL_MODEL            ; None (CONSERVATIVE)                                                            ; --            ; --          ; --             ;
; POWER_PRESET_COOLING_SOLUTION        ; 23 MM HEAT SINK WITH 200 LFPM AIRFLOW                                          ; --            ; --          ; --             ;
; PROJECT_OUTPUT_DIRECTORY             ; output_files                                                                   ; --            ; --          ; --             ;
; SLD_FILE                             ; D:/Project/QuartusPrj/school/SmartFans/quartus_prj/SmartFans_auto_stripped.stp ; --            ; --          ; --             ;
; USE_SIGNALTAP_FILE                   ; SmartFans.stp                                                                  ; --            ; --          ; --             ;
+--------------------------------------+--------------------------------------------------------------------------------+---------------+-------------+----------------+


+-------------------------------------------------------------------------------------------------------------------------------+
; Flow Elapsed Time                                                                                                             ;
+---------------------------+--------------+-------------------------+---------------------+------------------------------------+
; Module Name               ; Elapsed Time ; Average Processors Used ; Peak Virtual Memory ; Total CPU Time (on all processors) ;
+---------------------------+--------------+-------------------------+---------------------+------------------------------------+
; Analysis & Synthesis      ; 00:00:07     ; 1.0                     ; 4721 MB             ; 00:00:05                           ;
; Fitter                    ; 00:00:22     ; 5.3                     ; 5892 MB             ; 00:00:26                           ;
; Assembler                 ; 00:00:02     ; 1.0                     ; 4558 MB             ; 00:00:01                           ;
; TimeQuest Timing Analyzer ; 00:00:05     ; 1.4                     ; 4723 MB             ; 00:00:05                           ;
; EDA Netlist Writer        ; 00:00:03     ; 1.0                     ; 4541 MB             ; 00:00:03                           ;
; Total                     ; 00:00:39     ; --                      ; --                  ; 00:00:40                           ;
+---------------------------+--------------+-------------------------+---------------------+------------------------------------+


+----------------------------------------------------------------------------------------+
; Flow OS Summary                                                                        ;
+---------------------------+------------------+-----------+------------+----------------+
; Module Name               ; Machine Hostname ; OS Name   ; OS Version ; Processor type ;
+---------------------------+------------------+-----------+------------+----------------+
; Analysis & Synthesis      ; miku             ; Windows 7 ; 6.2        ; x86_64         ;
; Fitter                    ; miku             ; Windows 7 ; 6.2        ; x86_64         ;
; Assembler                 ; miku             ; Windows 7 ; 6.2        ; x86_64         ;
; TimeQuest Timing Analyzer ; miku             ; Windows 7 ; 6.2        ; x86_64         ;
; EDA Netlist Writer        ; miku             ; Windows 7 ; 6.2        ; x86_64         ;
+---------------------------+------------------+-----------+------------+----------------+


------------
; Flow Log ;
------------
quartus_map --read_settings_files=on --write_settings_files=off SmartFans -c SmartFans
quartus_fit --read_settings_files=off --write_settings_files=off SmartFans -c SmartFans
quartus_asm --read_settings_files=off --write_settings_files=off SmartFans -c SmartFans
quartus_sta SmartFans -c SmartFans
quartus_eda --read_settings_files=off --write_settings_files=off SmartFans -c SmartFans



