Analysis & Synthesis report for SmartFans
Sat Jan 04 22:21:44 2025
Quartus II 64-Bit Version 13.0.1 Build 232 06/12/2013 Service Pack 1 SJ Full Version


---------------------
; Table of Contents ;
---------------------
  1. Legal Notice
  2. Analysis & Synthesis Summary
  3. Analysis & Synthesis Settings
  4. Parallel Compilation
  5. Analysis & Synthesis Source Files Read
  6. Analysis & Synthesis Resource Usage Summary
  7. Analysis & Synthesis Resource Utilization by Entity
  8. State Machine - |SmartFans|ds18b20_ctrl:ut_ds18b20_ctrl|state
  9. State Machine - |SmartFans|uart_tx:ut_uart_tx|state
 10. Registers Removed During Synthesis
 11. General Register Statistics
 12. Inverted Register Statistics
 13. Multiplexer Restructuring Statistics (Restructuring Performed)
 14. Parameter Settings for User Entity Instance: logic_ctrl:ut_logic_ctrl
 15. Parameter Settings for User Entity Instance: uart_rx:ut_uart_rx
 16. Parameter Settings for User Entity Instance: uart_tx:ut_uart_tx
 17. Parameter Settings for User Entity Instance: speed_acq:ut_speed_acq
 18. Parameter Settings for User Entity Instance: ds18b20_ctrl:ut_ds18b20_ctrl
 19. Parameter Settings for Inferred Entity Instance: ds18b20_ctrl:ut_ds18b20_ctrl|lpm_mult:Mult0
 20. Parameter Settings for Inferred Entity Instance: ds18b20_ctrl:ut_ds18b20_ctrl|lpm_divide:Div0
 21. Parameter Settings for Inferred Entity Instance: pwm_ctrl:ut_pwm_ctrl|lpm_mult:Mult0
 22. Parameter Settings for Inferred Entity Instance: pwm_ctrl:ut_pwm_ctrl|lpm_divide:Div0
 23. Parameter Settings for Inferred Entity Instance: speed_acq:ut_speed_acq|lpm_divide:Div0
 24. Parameter Settings for Inferred Entity Instance: logic_ctrl:ut_logic_ctrl|lpm_divide:Div0
 25. Parameter Settings for Inferred Entity Instance: logic_ctrl:ut_logic_ctrl|lpm_divide:Div1
 26. lpm_mult Parameter Settings by Entity Instance
 27. Elapsed Time Per Partition
 28. Analysis & Synthesis Messages



----------------
; Legal Notice ;
----------------
Copyright (C) 1991-2013 Altera Corporation
Your use of Altera Corporation's design tools, logic functions 
and other software and tools, and its AMPP partner logic 
functions, and any output files from any of the foregoing 
(including device programming or simulation files), and any 
associated documentation or information are expressly subject 
to the terms and conditions of the Altera Program License 
Subscription Agreement, Altera MegaCore Function License 
Agreement, or other applicable license agreement, including, 
without limitation, that your use is for the sole purpose of 
programming logic devices manufactured by Altera and sold by 
Altera or its authorized distributors.  Please refer to the 
applicable agreement for further details.



+---------------------------------------------------------------------------------------+
; Analysis & Synthesis Summary                                                          ;
+------------------------------------+--------------------------------------------------+
; Analysis & Synthesis Status        ; Successful - Sat Jan 04 22:21:44 2025            ;
; Quartus II 64-Bit Version          ; 13.0.1 Build 232 06/12/2013 SP 1 SJ Full Version ;
; Revision Name                      ; SmartFans                                        ;
; Top-level Entity Name              ; SmartFans                                        ;
; Family                             ; Cyclone IV E                                     ;
; Total logic elements               ; 2,160                                            ;
;     Total combinational functions  ; 2,077                                            ;
;     Dedicated logic registers      ; 271                                              ;
; Total registers                    ; 271                                              ;
; Total pins                         ; 7                                                ;
; Total virtual pins                 ; 0                                                ;
; Total memory bits                  ; 0                                                ;
; Embedded Multiplier 9-bit elements ; 0                                                ;
; Total PLLs                         ; 0                                                ;
+------------------------------------+--------------------------------------------------+


+----------------------------------------------------------------------------------------------------------------------+
; Analysis & Synthesis Settings                                                                                        ;
+----------------------------------------------------------------------------+--------------------+--------------------+
; Option                                                                     ; Setting            ; Default Value      ;
+----------------------------------------------------------------------------+--------------------+--------------------+
; Device                                                                     ; EP4CE10F17C8       ;                    ;
; Top-level entity name                                                      ; SmartFans          ; SmartFans          ;
; Family name                                                                ; Cyclone IV E       ; Cyclone IV GX      ;
; Use smart compilation                                                      ; Off                ; Off                ;
; Enable parallel Assembler and TimeQuest Timing Analyzer during compilation ; On                 ; On                 ;
; Enable compact report table                                                ; Off                ; Off                ;
; Restructure Multiplexers                                                   ; Auto               ; Auto               ;
; Create Debugging Nodes for IP Cores                                        ; Off                ; Off                ;
; Preserve fewer node names                                                  ; On                 ; On                 ;
; Disable OpenCore Plus hardware evaluation                                  ; Off                ; Off                ;
; Verilog Version                                                            ; Verilog_2001       ; Verilog_2001       ;
; VHDL Version                                                               ; VHDL_1993          ; VHDL_1993          ;
; State Machine Processing                                                   ; Auto               ; Auto               ;
; Safe State Machine                                                         ; Off                ; Off                ;
; Extract Verilog State Machines                                             ; On                 ; On                 ;
; Extract VHDL State Machines                                                ; On                 ; On                 ;
; Ignore Verilog initial constructs                                          ; Off                ; Off                ;
; Iteration limit for constant Verilog loops                                 ; 5000               ; 5000               ;
; Iteration limit for non-constant Verilog loops                             ; 250                ; 250                ;
; Add Pass-Through Logic to Inferred RAMs                                    ; On                 ; On                 ;
; Infer RAMs from Raw Logic                                                  ; On                 ; On                 ;
; Parallel Synthesis                                                         ; On                 ; On                 ;
; DSP Block Balancing                                                        ; Auto               ; Auto               ;
; NOT Gate Push-Back                                                         ; On                 ; On                 ;
; Power-Up Don't Care                                                        ; On                 ; On                 ;
; Remove Redundant Logic Cells                                               ; Off                ; Off                ;
; Remove Duplicate Registers                                                 ; On                 ; On                 ;
; Ignore CARRY Buffers                                                       ; Off                ; Off                ;
; Ignore CASCADE Buffers                                                     ; Off                ; Off                ;
; Ignore GLOBAL Buffers                                                      ; Off                ; Off                ;
; Ignore ROW GLOBAL Buffers                                                  ; Off                ; Off                ;
; Ignore LCELL Buffers                                                       ; Off                ; Off                ;
; Ignore SOFT Buffers                                                        ; On                 ; On                 ;
; Limit AHDL Integers to 32 Bits                                             ; Off                ; Off                ;
; Optimization Technique                                                     ; Balanced           ; Balanced           ;
; Carry Chain Length                                                         ; 70                 ; 70                 ;
; Auto Carry Chains                                                          ; On                 ; On                 ;
; Auto Open-Drain Pins                                                       ; On                 ; On                 ;
; Perform WYSIWYG Primitive Resynthesis                                      ; Off                ; Off                ;
; Auto ROM Replacement                                                       ; On                 ; On                 ;
; Auto RAM Replacement                                                       ; On                 ; On                 ;
; Auto DSP Block Replacement                                                 ; On                 ; On                 ;
; Auto Shift Register Replacement                                            ; Auto               ; Auto               ;
; Allow Shift Register Merging across Hierarchies                            ; Auto               ; Auto               ;
; Auto Clock Enable Replacement                                              ; On                 ; On                 ;
; Strict RAM Replacement                                                     ; Off                ; Off                ;
; Allow Synchronous Control Signals                                          ; On                 ; On                 ;
; Force Use of Synchronous Clear Signals                                     ; Off                ; Off                ;
; Auto RAM Block Balancing                                                   ; On                 ; On                 ;
; Auto RAM to Logic Cell Conversion                                          ; Off                ; Off                ;
; Auto Resource Sharing                                                      ; Off                ; Off                ;
; Allow Any RAM Size For Recognition                                         ; Off                ; Off                ;
; Allow Any ROM Size For Recognition                                         ; Off                ; Off                ;
; Allow Any Shift Register Size For Recognition                              ; Off                ; Off                ;
; Use LogicLock Constraints during Resource Balancing                        ; On                 ; On                 ;
; Ignore translate_off and synthesis_off directives                          ; Off                ; Off                ;
; Timing-Driven Synthesis                                                    ; On                 ; On                 ;
; Report Parameter Settings                                                  ; On                 ; On                 ;
; Report Source Assignments                                                  ; On                 ; On                 ;
; Report Connectivity Checks                                                 ; On                 ; On                 ;
; Ignore Maximum Fan-Out Assignments                                         ; Off                ; Off                ;
; Synchronization Register Chain Length                                      ; 2                  ; 2                  ;
; PowerPlay Power Optimization                                               ; Normal compilation ; Normal compilation ;
; HDL message level                                                          ; Level2             ; Level2             ;
; Suppress Register Optimization Related Messages                            ; Off                ; Off                ;
; Number of Removed Registers Reported in Synthesis Report                   ; 5000               ; 5000               ;
; Number of Swept Nodes Reported in Synthesis Report                         ; 5000               ; 5000               ;
; Number of Inverted Registers Reported in Synthesis Report                  ; 100                ; 100                ;
; Clock MUX Protection                                                       ; On                 ; On                 ;
; Auto Gated Clock Conversion                                                ; Off                ; Off                ;
; Block Design Naming                                                        ; Auto               ; Auto               ;
; SDC constraint protection                                                  ; Off                ; Off                ;
; Synthesis Effort                                                           ; Auto               ; Auto               ;
; Shift Register Replacement - Allow Asynchronous Clear Signal               ; On                 ; On                 ;
; Pre-Mapping Resynthesis Optimization                                       ; Off                ; Off                ;
; Analysis & Synthesis Message Level                                         ; Medium             ; Medium             ;
; Disable Register Merging Across Hierarchies                                ; Auto               ; Auto               ;
; Resource Aware Inference For Block RAM                                     ; On                 ; On                 ;
; Synthesis Seed                                                             ; 1                  ; 1                  ;
+----------------------------------------------------------------------------+--------------------+--------------------+


+------------------------------------------+
; Parallel Compilation                     ;
+----------------------------+-------------+
; Processors                 ; Number      ;
+----------------------------+-------------+
; Number detected on machine ; 20          ;
; Maximum allowed            ; 14          ;
;                            ;             ;
; Average used               ; 1.00        ;
; Maximum used               ; 5           ;
;                            ;             ;
; Usage by Processor         ; % Time Used ;
;     Processor 1            ; 100.0%      ;
;     Processors 2-5         ; < 0.1%      ;
;     Processors 6-20        ;   0.0%      ;
+----------------------------+-------------+


+-----------------------------------------------------------------------------------------------------------------------------------------------------------------------------+
; Analysis & Synthesis Source Files Read                                                                                                                                      ;
+----------------------------------+-----------------+------------------------------+-------------------------------------------------------------------------------+---------+
; File Name with User-Entered Path ; Used in Netlist ; File Type                    ; File Name with Absolute Path                                                  ; Library ;
+----------------------------------+-----------------+------------------------------+-------------------------------------------------------------------------------+---------+
; ../rtl/ds18b20_ctrl.v            ; yes             ; User Verilog HDL File        ; D:/Project/QuartusPrj/school/SmartFans/rtl/ds18b20_ctrl.v                     ;         ;
; ../rtl/uart_tx.v                 ; yes             ; User Verilog HDL File        ; D:/Project/QuartusPrj/school/SmartFans/rtl/uart_tx.v                          ;         ;
; ../rtl/speed_acq.v               ; yes             ; User Verilog HDL File        ; D:/Project/QuartusPrj/school/SmartFans/rtl/speed_acq.v                        ;         ;
; ../rtl/uart_rx.v                 ; yes             ; User Verilog HDL File        ; D:/Project/QuartusPrj/school/SmartFans/rtl/uart_rx.v                          ;         ;
; ../rtl/SmartFans.v               ; yes             ; User Verilog HDL File        ; D:/Project/QuartusPrj/school/SmartFans/rtl/SmartFans.v                        ;         ;
; ../rtl/pwm_ctrl.v                ; yes             ; User Verilog HDL File        ; D:/Project/QuartusPrj/school/SmartFans/rtl/pwm_ctrl.v                         ;         ;
; ../rtl/logic_ctrl.v              ; yes             ; User Verilog HDL File        ; D:/Project/QuartusPrj/school/SmartFans/rtl/logic_ctrl.v                       ;         ;
; lpm_mult.tdf                     ; yes             ; Megafunction                 ; d:/quartusii13.0/quartus/libraries/megafunctions/lpm_mult.tdf                 ;         ;
; aglobal130.inc                   ; yes             ; Megafunction                 ; d:/quartusii13.0/quartus/libraries/megafunctions/aglobal130.inc               ;         ;
; lpm_add_sub.inc                  ; yes             ; Megafunction                 ; d:/quartusii13.0/quartus/libraries/megafunctions/lpm_add_sub.inc              ;         ;
; multcore.inc                     ; yes             ; Megafunction                 ; d:/quartusii13.0/quartus/libraries/megafunctions/multcore.inc                 ;         ;
; bypassff.inc                     ; yes             ; Megafunction                 ; d:/quartusii13.0/quartus/libraries/megafunctions/bypassff.inc                 ;         ;
; altshift.inc                     ; yes             ; Megafunction                 ; d:/quartusii13.0/quartus/libraries/megafunctions/altshift.inc                 ;         ;
; multcore.tdf                     ; yes             ; Megafunction                 ; d:/quartusii13.0/quartus/libraries/megafunctions/multcore.tdf                 ;         ;
; csa_add.inc                      ; yes             ; Megafunction                 ; d:/quartusii13.0/quartus/libraries/megafunctions/csa_add.inc                  ;         ;
; mpar_add.inc                     ; yes             ; Megafunction                 ; d:/quartusii13.0/quartus/libraries/megafunctions/mpar_add.inc                 ;         ;
; muleabz.inc                      ; yes             ; Megafunction                 ; d:/quartusii13.0/quartus/libraries/megafunctions/muleabz.inc                  ;         ;
; mul_lfrg.inc                     ; yes             ; Megafunction                 ; d:/quartusii13.0/quartus/libraries/megafunctions/mul_lfrg.inc                 ;         ;
; mul_boothc.inc                   ; yes             ; Megafunction                 ; d:/quartusii13.0/quartus/libraries/megafunctions/mul_boothc.inc               ;         ;
; alt_ded_mult.inc                 ; yes             ; Megafunction                 ; d:/quartusii13.0/quartus/libraries/megafunctions/alt_ded_mult.inc             ;         ;
; alt_ded_mult_y.inc               ; yes             ; Megafunction                 ; d:/quartusii13.0/quartus/libraries/megafunctions/alt_ded_mult_y.inc           ;         ;
; dffpipe.inc                      ; yes             ; Megafunction                 ; d:/quartusii13.0/quartus/libraries/megafunctions/dffpipe.inc                  ;         ;
; mpar_add.tdf                     ; yes             ; Megafunction                 ; d:/quartusii13.0/quartus/libraries/megafunctions/mpar_add.tdf                 ;         ;
; lpm_add_sub.tdf                  ; yes             ; Megafunction                 ; d:/quartusii13.0/quartus/libraries/megafunctions/lpm_add_sub.tdf              ;         ;
; addcore.inc                      ; yes             ; Megafunction                 ; d:/quartusii13.0/quartus/libraries/megafunctions/addcore.inc                  ;         ;
; look_add.inc                     ; yes             ; Megafunction                 ; d:/quartusii13.0/quartus/libraries/megafunctions/look_add.inc                 ;         ;
; alt_stratix_add_sub.inc          ; yes             ; Megafunction                 ; d:/quartusii13.0/quartus/libraries/megafunctions/alt_stratix_add_sub.inc      ;         ;
; db/add_sub_ngh.tdf               ; yes             ; Auto-Generated Megafunction  ; D:/Project/QuartusPrj/school/SmartFans/quartus_prj/db/add_sub_ngh.tdf         ;         ;
; db/add_sub_rgh.tdf               ; yes             ; Auto-Generated Megafunction  ; D:/Project/QuartusPrj/school/SmartFans/quartus_prj/db/add_sub_rgh.tdf         ;         ;
; altshift.tdf                     ; yes             ; Megafunction                 ; d:/quartusii13.0/quartus/libraries/megafunctions/altshift.tdf                 ;         ;
; lpm_divide.tdf                   ; yes             ; Megafunction                 ; d:/quartusii13.0/quartus/libraries/megafunctions/lpm_divide.tdf               ;         ;
; abs_divider.inc                  ; yes             ; Megafunction                 ; d:/quartusii13.0/quartus/libraries/megafunctions/abs_divider.inc              ;         ;
; sign_div_unsign.inc              ; yes             ; Megafunction                 ; d:/quartusii13.0/quartus/libraries/megafunctions/sign_div_unsign.inc          ;         ;
; db/lpm_divide_dkm.tdf            ; yes             ; Auto-Generated Megafunction  ; D:/Project/QuartusPrj/school/SmartFans/quartus_prj/db/lpm_divide_dkm.tdf      ;         ;
; db/sign_div_unsign_5nh.tdf       ; yes             ; Auto-Generated Megafunction  ; D:/Project/QuartusPrj/school/SmartFans/quartus_prj/db/sign_div_unsign_5nh.tdf ;         ;
; db/alt_u_div_u9f.tdf             ; yes             ; Auto-Generated Megafunction  ; D:/Project/QuartusPrj/school/SmartFans/quartus_prj/db/alt_u_div_u9f.tdf       ;         ;
; db/add_sub_7pc.tdf               ; yes             ; Auto-Generated Megafunction  ; D:/Project/QuartusPrj/school/SmartFans/quartus_prj/db/add_sub_7pc.tdf         ;         ;
; db/add_sub_8pc.tdf               ; yes             ; Auto-Generated Megafunction  ; D:/Project/QuartusPrj/school/SmartFans/quartus_prj/db/add_sub_8pc.tdf         ;         ;
; db/add_sub_ogh.tdf               ; yes             ; Auto-Generated Megafunction  ; D:/Project/QuartusPrj/school/SmartFans/quartus_prj/db/add_sub_ogh.tdf         ;         ;
; db/lpm_divide_7jm.tdf            ; yes             ; Auto-Generated Megafunction  ; D:/Project/QuartusPrj/school/SmartFans/quartus_prj/db/lpm_divide_7jm.tdf      ;         ;
; db/sign_div_unsign_vlh.tdf       ; yes             ; Auto-Generated Megafunction  ; D:/Project/QuartusPrj/school/SmartFans/quartus_prj/db/sign_div_unsign_vlh.tdf ;         ;
; db/alt_u_div_i7f.tdf             ; yes             ; Auto-Generated Megafunction  ; D:/Project/QuartusPrj/school/SmartFans/quartus_prj/db/alt_u_div_i7f.tdf       ;         ;
; db/lpm_divide_hkm.tdf            ; yes             ; Auto-Generated Megafunction  ; D:/Project/QuartusPrj/school/SmartFans/quartus_prj/db/lpm_divide_hkm.tdf      ;         ;
; db/sign_div_unsign_9nh.tdf       ; yes             ; Auto-Generated Megafunction  ; D:/Project/QuartusPrj/school/SmartFans/quartus_prj/db/sign_div_unsign_9nh.tdf ;         ;
; db/alt_u_div_6af.tdf             ; yes             ; Auto-Generated Megafunction  ; D:/Project/QuartusPrj/school/SmartFans/quartus_prj/db/alt_u_div_6af.tdf       ;         ;
; db/lpm_divide_1jm.tdf            ; yes             ; Auto-Generated Megafunction  ; D:/Project/QuartusPrj/school/SmartFans/quartus_prj/db/lpm_divide_1jm.tdf      ;         ;
; db/sign_div_unsign_plh.tdf       ; yes             ; Auto-Generated Megafunction  ; D:/Project/QuartusPrj/school/SmartFans/quartus_prj/db/sign_div_unsign_plh.tdf ;         ;
; db/alt_u_div_67f.tdf             ; yes             ; Auto-Generated Megafunction  ; D:/Project/QuartusPrj/school/SmartFans/quartus_prj/db/alt_u_div_67f.tdf       ;         ;
; db/lpm_divide_2jm.tdf            ; yes             ; Auto-Generated Megafunction  ; D:/Project/QuartusPrj/school/SmartFans/quartus_prj/db/lpm_divide_2jm.tdf      ;         ;
; db/sign_div_unsign_qlh.tdf       ; yes             ; Auto-Generated Megafunction  ; D:/Project/QuartusPrj/school/SmartFans/quartus_prj/db/sign_div_unsign_qlh.tdf ;         ;
; db/alt_u_div_87f.tdf             ; yes             ; Auto-Generated Megafunction  ; D:/Project/QuartusPrj/school/SmartFans/quartus_prj/db/alt_u_div_87f.tdf       ;         ;
+----------------------------------+-----------------+------------------------------+-------------------------------------------------------------------------------+---------+


+---------------------------------------------------------------+
; Analysis & Synthesis Resource Usage Summary                   ;
+---------------------------------------------+-----------------+
; Resource                                    ; Usage           ;
+---------------------------------------------+-----------------+
; Estimated Total logic elements              ; 2,160           ;
;                                             ;                 ;
; Total combinational functions               ; 2077            ;
; Logic element usage by number of LUT inputs ;                 ;
;     -- 4 input functions                    ; 738             ;
;     -- 3 input functions                    ; 771             ;
;     -- <=2 input functions                  ; 568             ;
;                                             ;                 ;
; Logic elements by mode                      ;                 ;
;     -- normal mode                          ; 1196            ;
;     -- arithmetic mode                      ; 881             ;
;                                             ;                 ;
; Total registers                             ; 271             ;
;     -- Dedicated logic registers            ; 271             ;
;     -- I/O registers                        ; 0               ;
;                                             ;                 ;
; I/O pins                                    ; 7               ;
; Embedded Multiplier 9-bit elements          ; 0               ;
; Maximum fan-out node                        ; sys_rst_n~input ;
; Maximum fan-out                             ; 271             ;
; Total fan-out                               ; 7323            ;
; Average fan-out                             ; 3.10            ;
+---------------------------------------------+-----------------+


+-----------------------------------------------------------------------------------------------------------------------------------------------------------------------------------------------------------------------------------------------------------------------------------------------------------------------------------------------+
; Analysis & Synthesis Resource Utilization by Entity                                                                                                                                                                                                                                                                                           ;
+---------------------------------------------------+-------------------+--------------+-------------+--------------+---------+-----------+------+--------------+----------------------------------------------------------------------------------------------------------------------------------------------------------------+--------------+
; Compilation Hierarchy Node                        ; LC Combinationals ; LC Registers ; Memory Bits ; DSP Elements ; DSP 9x9 ; DSP 18x18 ; Pins ; Virtual Pins ; Full Hierarchy Name                                                                                                                                            ; Library Name ;
+---------------------------------------------------+-------------------+--------------+-------------+--------------+---------+-----------+------+--------------+----------------------------------------------------------------------------------------------------------------------------------------------------------------+--------------+
; |SmartFans                                        ; 2077 (1)          ; 271 (0)      ; 0           ; 0            ; 0       ; 0         ; 7    ; 0            ; |SmartFans                                                                                                                                                     ; work         ;
;    |ds18b20_ctrl:ut_ds18b20_ctrl|                 ; 244 (90)          ; 66 (66)      ; 0           ; 0            ; 0       ; 0         ; 0    ; 0            ; |SmartFans|ds18b20_ctrl:ut_ds18b20_ctrl                                                                                                                        ; work         ;
;       |lpm_divide:Div0|                           ; 123 (0)           ; 0 (0)        ; 0           ; 0            ; 0       ; 0         ; 0    ; 0            ; |SmartFans|ds18b20_ctrl:ut_ds18b20_ctrl|lpm_divide:Div0                                                                                                        ; work         ;
;          |lpm_divide_dkm:auto_generated|          ; 123 (0)           ; 0 (0)        ; 0           ; 0            ; 0       ; 0         ; 0    ; 0            ; |SmartFans|ds18b20_ctrl:ut_ds18b20_ctrl|lpm_divide:Div0|lpm_divide_dkm:auto_generated                                                                          ; work         ;
;             |sign_div_unsign_5nh:divider|         ; 123 (0)           ; 0 (0)        ; 0           ; 0            ; 0       ; 0         ; 0    ; 0            ; |SmartFans|ds18b20_ctrl:ut_ds18b20_ctrl|lpm_divide:Div0|lpm_divide_dkm:auto_generated|sign_div_unsign_5nh:divider                                              ; work         ;
;                |alt_u_div_u9f:divider|            ; 123 (123)         ; 0 (0)        ; 0           ; 0            ; 0       ; 0         ; 0    ; 0            ; |SmartFans|ds18b20_ctrl:ut_ds18b20_ctrl|lpm_divide:Div0|lpm_divide_dkm:auto_generated|sign_div_unsign_5nh:divider|alt_u_div_u9f:divider                        ; work         ;
;       |lpm_mult:Mult0|                            ; 31 (0)            ; 0 (0)        ; 0           ; 0            ; 0       ; 0         ; 0    ; 0            ; |SmartFans|ds18b20_ctrl:ut_ds18b20_ctrl|lpm_mult:Mult0                                                                                                         ; work         ;
;          |multcore:mult_core|                     ; 31 (15)           ; 0 (0)        ; 0           ; 0            ; 0       ; 0         ; 0    ; 0            ; |SmartFans|ds18b20_ctrl:ut_ds18b20_ctrl|lpm_mult:Mult0|multcore:mult_core                                                                                      ; work         ;
;             |mpar_add:padder|                     ; 16 (0)            ; 0 (0)        ; 0           ; 0            ; 0       ; 0         ; 0    ; 0            ; |SmartFans|ds18b20_ctrl:ut_ds18b20_ctrl|lpm_mult:Mult0|multcore:mult_core|mpar_add:padder                                                                      ; work         ;
;                |lpm_add_sub:adder[0]|             ; 10 (0)            ; 0 (0)        ; 0           ; 0            ; 0       ; 0         ; 0    ; 0            ; |SmartFans|ds18b20_ctrl:ut_ds18b20_ctrl|lpm_mult:Mult0|multcore:mult_core|mpar_add:padder|lpm_add_sub:adder[0]                                                 ; work         ;
;                   |add_sub_ngh:auto_generated|    ; 10 (10)           ; 0 (0)        ; 0           ; 0            ; 0       ; 0         ; 0    ; 0            ; |SmartFans|ds18b20_ctrl:ut_ds18b20_ctrl|lpm_mult:Mult0|multcore:mult_core|mpar_add:padder|lpm_add_sub:adder[0]|add_sub_ngh:auto_generated                      ; work         ;
;                |mpar_add:sub_par_add|             ; 6 (0)             ; 0 (0)        ; 0           ; 0            ; 0       ; 0         ; 0    ; 0            ; |SmartFans|ds18b20_ctrl:ut_ds18b20_ctrl|lpm_mult:Mult0|multcore:mult_core|mpar_add:padder|mpar_add:sub_par_add                                                 ; work         ;
;                   |lpm_add_sub:adder[0]|          ; 6 (0)             ; 0 (0)        ; 0           ; 0            ; 0       ; 0         ; 0    ; 0            ; |SmartFans|ds18b20_ctrl:ut_ds18b20_ctrl|lpm_mult:Mult0|multcore:mult_core|mpar_add:padder|mpar_add:sub_par_add|lpm_add_sub:adder[0]                            ; work         ;
;                      |add_sub_rgh:auto_generated| ; 6 (6)             ; 0 (0)        ; 0           ; 0            ; 0       ; 0         ; 0    ; 0            ; |SmartFans|ds18b20_ctrl:ut_ds18b20_ctrl|lpm_mult:Mult0|multcore:mult_core|mpar_add:padder|mpar_add:sub_par_add|lpm_add_sub:adder[0]|add_sub_rgh:auto_generated ; work         ;
;    |logic_ctrl:ut_logic_ctrl|                     ; 409 (73)          ; 7 (7)        ; 0           ; 0            ; 0       ; 0         ; 0    ; 0            ; |SmartFans|logic_ctrl:ut_logic_ctrl                                                                                                                            ; work         ;
;       |lpm_divide:Div0|                           ; 126 (0)           ; 0 (0)        ; 0           ; 0            ; 0       ; 0         ; 0    ; 0            ; |SmartFans|logic_ctrl:ut_logic_ctrl|lpm_divide:Div0                                                                                                            ; work         ;
;          |lpm_divide_1jm:auto_generated|          ; 126 (0)           ; 0 (0)        ; 0           ; 0            ; 0       ; 0         ; 0    ; 0            ; |SmartFans|logic_ctrl:ut_logic_ctrl|lpm_divide:Div0|lpm_divide_1jm:auto_generated                                                                              ; work         ;
;             |sign_div_unsign_plh:divider|         ; 126 (0)           ; 0 (0)        ; 0           ; 0            ; 0       ; 0         ; 0    ; 0            ; |SmartFans|logic_ctrl:ut_logic_ctrl|lpm_divide:Div0|lpm_divide_1jm:auto_generated|sign_div_unsign_plh:divider                                                  ; work         ;
;                |alt_u_div_67f:divider|            ; 126 (126)         ; 0 (0)        ; 0           ; 0            ; 0       ; 0         ; 0    ; 0            ; |SmartFans|logic_ctrl:ut_logic_ctrl|lpm_divide:Div0|lpm_divide_1jm:auto_generated|sign_div_unsign_plh:divider|alt_u_div_67f:divider                            ; work         ;
;       |lpm_divide:Div1|                           ; 210 (0)           ; 0 (0)        ; 0           ; 0            ; 0       ; 0         ; 0    ; 0            ; |SmartFans|logic_ctrl:ut_logic_ctrl|lpm_divide:Div1                                                                                                            ; work         ;
;          |lpm_divide_2jm:auto_generated|          ; 210 (0)           ; 0 (0)        ; 0           ; 0            ; 0       ; 0         ; 0    ; 0            ; |SmartFans|logic_ctrl:ut_logic_ctrl|lpm_divide:Div1|lpm_divide_2jm:auto_generated                                                                              ; work         ;
;             |sign_div_unsign_qlh:divider|         ; 210 (0)           ; 0 (0)        ; 0           ; 0            ; 0       ; 0         ; 0    ; 0            ; |SmartFans|logic_ctrl:ut_logic_ctrl|lpm_divide:Div1|lpm_divide_2jm:auto_generated|sign_div_unsign_qlh:divider                                                  ; work         ;
;                |alt_u_div_87f:divider|            ; 210 (210)         ; 0 (0)        ; 0           ; 0            ; 0       ; 0         ; 0    ; 0            ; |SmartFans|logic_ctrl:ut_logic_ctrl|lpm_divide:Div1|lpm_divide_2jm:auto_generated|sign_div_unsign_qlh:divider|alt_u_div_87f:divider                            ; work         ;
;    |pwm_ctrl:ut_pwm_ctrl|                         ; 206 (24)          ; 12 (12)      ; 0           ; 0            ; 0       ; 0         ; 0    ; 0            ; |SmartFans|pwm_ctrl:ut_pwm_ctrl                                                                                                                                ; work         ;
;       |lpm_divide:Div0|                           ; 157 (0)           ; 0 (0)        ; 0           ; 0            ; 0       ; 0         ; 0    ; 0            ; |SmartFans|pwm_ctrl:ut_pwm_ctrl|lpm_divide:Div0                                                                                                                ; work         ;
;          |lpm_divide_7jm:auto_generated|          ; 157 (0)           ; 0 (0)        ; 0           ; 0            ; 0       ; 0         ; 0    ; 0            ; |SmartFans|pwm_ctrl:ut_pwm_ctrl|lpm_divide:Div0|lpm_divide_7jm:auto_generated                                                                                  ; work         ;
;             |sign_div_unsign_vlh:divider|         ; 157 (0)           ; 0 (0)        ; 0           ; 0            ; 0       ; 0         ; 0    ; 0            ; |SmartFans|pwm_ctrl:ut_pwm_ctrl|lpm_divide:Div0|lpm_divide_7jm:auto_generated|sign_div_unsign_vlh:divider                                                      ; work         ;
;                |alt_u_div_i7f:divider|            ; 157 (157)         ; 0 (0)        ; 0           ; 0            ; 0       ; 0         ; 0    ; 0            ; |SmartFans|pwm_ctrl:ut_pwm_ctrl|lpm_divide:Div0|lpm_divide_7jm:auto_generated|sign_div_unsign_vlh:divider|alt_u_div_i7f:divider                                ; work         ;
;       |lpm_mult:Mult0|                            ; 25 (0)            ; 0 (0)        ; 0           ; 0            ; 0       ; 0         ; 0    ; 0            ; |SmartFans|pwm_ctrl:ut_pwm_ctrl|lpm_mult:Mult0                                                                                                                 ; work         ;
;          |multcore:mult_core|                     ; 25 (15)           ; 0 (0)        ; 0           ; 0            ; 0       ; 0         ; 0    ; 0            ; |SmartFans|pwm_ctrl:ut_pwm_ctrl|lpm_mult:Mult0|multcore:mult_core                                                                                              ; work         ;
;             |mpar_add:padder|                     ; 10 (0)            ; 0 (0)        ; 0           ; 0            ; 0       ; 0         ; 0    ; 0            ; |SmartFans|pwm_ctrl:ut_pwm_ctrl|lpm_mult:Mult0|multcore:mult_core|mpar_add:padder                                                                              ; work         ;
;                |lpm_add_sub:adder[0]|             ; 10 (0)            ; 0 (0)        ; 0           ; 0            ; 0       ; 0         ; 0    ; 0            ; |SmartFans|pwm_ctrl:ut_pwm_ctrl|lpm_mult:Mult0|multcore:mult_core|mpar_add:padder|lpm_add_sub:adder[0]                                                         ; work         ;
;                   |add_sub_ogh:auto_generated|    ; 10 (10)           ; 0 (0)        ; 0           ; 0            ; 0       ; 0         ; 0    ; 0            ; |SmartFans|pwm_ctrl:ut_pwm_ctrl|lpm_mult:Mult0|multcore:mult_core|mpar_add:padder|lpm_add_sub:adder[0]|add_sub_ogh:auto_generated                              ; work         ;
;    |speed_acq:ut_speed_acq|                       ; 1067 (99)         ; 82 (82)      ; 0           ; 0            ; 0       ; 0         ; 0    ; 0            ; |SmartFans|speed_acq:ut_speed_acq                                                                                                                              ; work         ;
;       |lpm_divide:Div0|                           ; 968 (0)           ; 0 (0)        ; 0           ; 0            ; 0       ; 0         ; 0    ; 0            ; |SmartFans|speed_acq:ut_speed_acq|lpm_divide:Div0                                                                                                              ; work         ;
;          |lpm_divide_hkm:auto_generated|          ; 968 (0)           ; 0 (0)        ; 0           ; 0            ; 0       ; 0         ; 0    ; 0            ; |SmartFans|speed_acq:ut_speed_acq|lpm_divide:Div0|lpm_divide_hkm:auto_generated                                                                                ; work         ;
;             |sign_div_unsign_9nh:divider|         ; 968 (0)           ; 0 (0)        ; 0           ; 0            ; 0       ; 0         ; 0    ; 0            ; |SmartFans|speed_acq:ut_speed_acq|lpm_divide:Div0|lpm_divide_hkm:auto_generated|sign_div_unsign_9nh:divider                                                    ; work         ;
;                |alt_u_div_6af:divider|            ; 968 (968)         ; 0 (0)        ; 0           ; 0            ; 0       ; 0         ; 0    ; 0            ; |SmartFans|speed_acq:ut_speed_acq|lpm_divide:Div0|lpm_divide_hkm:auto_generated|sign_div_unsign_9nh:divider|alt_u_div_6af:divider                              ; work         ;
;    |uart_rx:ut_uart_rx|                           ; 44 (44)           ; 54 (54)      ; 0           ; 0            ; 0       ; 0         ; 0    ; 0            ; |SmartFans|uart_rx:ut_uart_rx                                                                                                                                  ; work         ;
;    |uart_tx:ut_uart_tx|                           ; 106 (106)         ; 50 (50)      ; 0           ; 0            ; 0       ; 0         ; 0    ; 0            ; |SmartFans|uart_tx:ut_uart_tx                                                                                                                                  ; work         ;
+---------------------------------------------------+-------------------+--------------+-------------+--------------+---------+-----------+------+--------------+----------------------------------------------------------------------------------------------------------------------------------------------------------------+--------------+
Note: For table entries with two numbers listed, the numbers in parentheses indicate the number of resources of the given type used by the specific entity alone. The numbers listed outside of parentheses indicate the total resources of the given type used by the specific entity and all of its sub-entities in the hierarchy.


Encoding Type:  One-Hot
+---------------------------------------------------------------------------------------------------------------------------+
; State Machine - |SmartFans|ds18b20_ctrl:ut_ds18b20_ctrl|state                                                             ;
+--------------------+-----------------+----------------+--------------------+--------------+----------------+--------------+
; Name               ; state.S_RD_TEMP ; state.S_RD_CMD ; state.S_INIT_AGAIN ; state.S_WAIT ; state.S_WR_CMD ; state.S_INIT ;
+--------------------+-----------------+----------------+--------------------+--------------+----------------+--------------+
; state.S_INIT       ; 0               ; 0              ; 0                  ; 0            ; 0              ; 0            ;
; state.S_WR_CMD     ; 0               ; 0              ; 0                  ; 0            ; 1              ; 1            ;
; state.S_WAIT       ; 0               ; 0              ; 0                  ; 1            ; 0              ; 1            ;
; state.S_INIT_AGAIN ; 0               ; 0              ; 1                  ; 0            ; 0              ; 1            ;
; state.S_RD_CMD     ; 0               ; 1              ; 0                  ; 0            ; 0              ; 1            ;
; state.S_RD_TEMP    ; 1               ; 0              ; 0                  ; 0            ; 0              ; 1            ;
+--------------------+-----------------+----------------+--------------------+--------------+----------------+--------------+


Encoding Type:  One-Hot
+-----------------------------------------------------------------+
; State Machine - |SmartFans|uart_tx:ut_uart_tx|state             ;
+-----------------+-------------+---------------+-----------------+
; Name            ; state.START ; state.WAIT_1s ; state.SEND_BYTE ;
+-----------------+-------------+---------------+-----------------+
; state.START     ; 0           ; 0             ; 0               ;
; state.SEND_BYTE ; 1           ; 0             ; 1               ;
; state.WAIT_1s   ; 1           ; 1             ; 0               ;
+-----------------+-------------+---------------+-----------------+


+------------------------------------------------------------+
; Registers Removed During Synthesis                         ;
+---------------------------------------+--------------------+
; Register name                         ; Reason for Removal ;
+---------------------------------------+--------------------+
; ds18b20_ctrl:ut_ds18b20_ctrl|state~4  ; Lost fanout        ;
; ds18b20_ctrl:ut_ds18b20_ctrl|state~5  ; Lost fanout        ;
; ds18b20_ctrl:ut_ds18b20_ctrl|state~6  ; Lost fanout        ;
; Total Number of Removed Registers = 3 ;                    ;
+---------------------------------------+--------------------+


+------------------------------------------------------+
; General Register Statistics                          ;
+----------------------------------------------+-------+
; Statistic                                    ; Value ;
+----------------------------------------------+-------+
; Total registers                              ; 271   ;
; Number of registers using Synchronous Clear  ; 102   ;
; Number of registers using Synchronous Load   ; 5     ;
; Number of registers using Asynchronous Clear ; 271   ;
; Number of registers using Asynchronous Load  ; 0     ;
; Number of registers using Clock Enable       ; 136   ;
; Number of registers using Preset             ; 0     ;
+----------------------------------------------+-------+


+--------------------------------------------------+
; Inverted Register Statistics                     ;
+----------------------------------------+---------+
; Inverted Register                      ; Fan out ;
+----------------------------------------+---------+
; uart_tx:ut_uart_tx|tx                  ; 2       ;
; uart_rx:ut_uart_rx|rx_reg3             ; 3       ;
; uart_rx:ut_uart_rx|rx_reg2             ; 2       ;
; uart_rx:ut_uart_rx|rx_reg1             ; 1       ;
; Total number of inverted registers = 4 ;         ;
+----------------------------------------+---------+


+------------------------------------------------------------------------------------------------------------------------------------------------------------------+
; Multiplexer Restructuring Statistics (Restructuring Performed)                                                                                                   ;
+--------------------+-----------+---------------+----------------------+------------------------+------------+----------------------------------------------------+
; Multiplexer Inputs ; Bus Width ; Baseline Area ; Area if Restructured ; Saving if Restructured ; Registered ; Example Multiplexer Output                         ;
+--------------------+-----------+---------------+----------------------+------------------------+------------+----------------------------------------------------+
; 3:1                ; 13 bits   ; 26 LEs        ; 13 LEs               ; 13 LEs                 ; Yes        ; |SmartFans|uart_tx:ut_uart_tx|baud_cnt[3]          ;
; 3:1                ; 4 bits    ; 8 LEs         ; 4 LEs                ; 4 LEs                  ; Yes        ; |SmartFans|ds18b20_ctrl:ut_ds18b20_ctrl|bit_cnt[1] ;
; 3:1                ; 5 bits    ; 10 LEs        ; 5 LEs                ; 5 LEs                  ; Yes        ; |SmartFans|uart_tx:ut_uart_tx|bit_cnt[4]           ;
; 3:1                ; 32 bits   ; 64 LEs        ; 32 LEs               ; 32 LEs                 ; Yes        ; |SmartFans|speed_acq:ut_speed_acq|counter[8]       ;
; 3:1                ; 8 bits    ; 16 LEs        ; 8 LEs                ; 8 LEs                  ; Yes        ; |SmartFans|uart_rx:ut_uart_rx|rx_data[8]           ;
; 8:1                ; 4 bits    ; 20 LEs        ; 16 LEs               ; 4 LEs                  ; Yes        ; |SmartFans|logic_ctrl:ut_logic_ctrl|duty_data[3]   ;
; 5:1                ; 2 bits    ; 6 LEs         ; 4 LEs                ; 2 LEs                  ; No         ; |SmartFans|uart_tx:ut_uart_tx|Selector2            ;
+--------------------+-----------+---------------+----------------------+------------------------+------------+----------------------------------------------------+


+-----------------------------------------------------------------------+
; Parameter Settings for User Entity Instance: logic_ctrl:ut_logic_ctrl ;
+--------------------+-------+------------------------------------------+
; Parameter Name     ; Value ; Type                                     ;
+--------------------+-------+------------------------------------------+
; Per_Duty_500_1000  ; 25    ; Signed Integer                           ;
; Per_Duty_1000_1950 ; 32    ; Signed Integer                           ;
; Per_Duty_1950_3800 ; 37    ; Signed Integer                           ;
+--------------------+-------+------------------------------------------+
Note: In order to hide this table in the UI and the text report file, please set the "Show Parameter Settings in Synthesis Report" option in "Analysis and Synthesis Settings -> More Settings" to "Off".


+---------------------------------------------------------------------+
; Parameter Settings for User Entity Instance: uart_rx:ut_uart_rx     ;
+----------------+----------------------------------+-----------------+
; Parameter Name ; Value                            ; Type            ;
+----------------+----------------------------------+-----------------+
; UART_BPS       ; 00000000000000011100001000000000 ; Unsigned Binary ;
; CLK_FREQ       ; 00000010111110101111000010000000 ; Unsigned Binary ;
+----------------+----------------------------------+-----------------+
Note: In order to hide this table in the UI and the text report file, please set the "Show Parameter Settings in Synthesis Report" option in "Analysis and Synthesis Settings -> More Settings" to "Off".


+---------------------------------------------------------------------+
; Parameter Settings for User Entity Instance: uart_tx:ut_uart_tx     ;
+----------------+----------------------------------+-----------------+
; Parameter Name ; Value                            ; Type            ;
+----------------+----------------------------------+-----------------+
; UART_BPS       ; 00000000000000011100001000000000 ; Unsigned Binary ;
; CLK_FREQ       ; 00000010111110101111000010000000 ; Unsigned Binary ;
+----------------+----------------------------------+-----------------+
Note: In order to hide this table in the UI and the text report file, please set the "Show Parameter Settings in Synthesis Report" option in "Analysis and Synthesis Settings -> More Settings" to "Off".


+---------------------------------------------------------------------+
; Parameter Settings for User Entity Instance: speed_acq:ut_speed_acq ;
+----------------+----------+-----------------------------------------+
; Parameter Name ; Value    ; Type                                    ;
+----------------+----------+-----------------------------------------+
; CLK_FREQ       ; 50000000 ; Signed Integer                          ;
+----------------+----------+-----------------------------------------+
Note: In order to hide this table in the UI and the text report file, please set the "Show Parameter Settings in Synthesis Report" option in "Analysis and Synthesis Settings -> More Settings" to "Off".


+---------------------------------------------------------------------------+
; Parameter Settings for User Entity Instance: ds18b20_ctrl:ut_ds18b20_ctrl ;
+----------------+------------------+---------------------------------------+
; Parameter Name ; Value            ; Type                                  ;
+----------------+------------------+---------------------------------------+
; S_INIT         ; 001              ; Unsigned Binary                       ;
; S_WR_CMD       ; 010              ; Unsigned Binary                       ;
; S_WAIT         ; 011              ; Unsigned Binary                       ;
; S_INIT_AGAIN   ; 100              ; Unsigned Binary                       ;
; S_RD_CMD       ; 101              ; Unsigned Binary                       ;
; S_RD_TEMP      ; 110              ; Unsigned Binary                       ;
; WR_44CC_CMD    ; 0100010011001100 ; Unsigned Binary                       ;
; WR_BECC_CMD    ; 1011111011001100 ; Unsigned Binary                       ;
; S_WAIT_MAX     ; 750000           ; Signed Integer                        ;
+----------------+------------------+---------------------------------------+
Note: In order to hide this table in the UI and the text report file, please set the "Show Parameter Settings in Synthesis Report" option in "Analysis and Synthesis Settings -> More Settings" to "Off".


+----------------------------------------------------------------------------------------------+
; Parameter Settings for Inferred Entity Instance: ds18b20_ctrl:ut_ds18b20_ctrl|lpm_mult:Mult0 ;
+------------------------------------------------+--------------+------------------------------+
; Parameter Name                                 ; Value        ; Type                         ;
+------------------------------------------------+--------------+------------------------------+
; AUTO_CARRY_CHAINS                              ; ON           ; AUTO_CARRY                   ;
; IGNORE_CARRY_BUFFERS                           ; OFF          ; IGNORE_CARRY                 ;
; AUTO_CASCADE_CHAINS                            ; ON           ; AUTO_CASCADE                 ;
; IGNORE_CASCADE_BUFFERS                         ; OFF          ; IGNORE_CASCADE               ;
; LPM_WIDTHA                                     ; 11           ; Untyped                      ;
; LPM_WIDTHB                                     ; 10           ; Untyped                      ;
; LPM_WIDTHP                                     ; 21           ; Untyped                      ;
; LPM_WIDTHR                                     ; 21           ; Untyped                      ;
; LPM_WIDTHS                                     ; 1            ; Untyped                      ;
; LPM_REPRESENTATION                             ; UNSIGNED     ; Untyped                      ;
; LPM_PIPELINE                                   ; 0            ; Untyped                      ;
; LATENCY                                        ; 0            ; Untyped                      ;
; INPUT_A_IS_CONSTANT                            ; NO           ; Untyped                      ;
; INPUT_B_IS_CONSTANT                            ; YES          ; Untyped                      ;
; USE_EAB                                        ; OFF          ; Untyped                      ;
; MAXIMIZE_SPEED                                 ; 6            ; Untyped                      ;
; DEVICE_FAMILY                                  ; Cyclone IV E ; Untyped                      ;
; CARRY_CHAIN                                    ; MANUAL       ; Untyped                      ;
; APEX20K_TECHNOLOGY_MAPPER                      ; LUT          ; TECH_MAPPER_APEX20K          ;
; DEDICATED_MULTIPLIER_CIRCUITRY                 ; AUTO         ; Untyped                      ;
; DEDICATED_MULTIPLIER_MIN_INPUT_WIDTH_FOR_AUTO  ; 0            ; Untyped                      ;
; DEDICATED_MULTIPLIER_MIN_OUTPUT_WIDTH_FOR_AUTO ; 0            ; Untyped                      ;
; CBXI_PARAMETER                                 ; NOTHING      ; Untyped                      ;
; INPUT_A_FIXED_VALUE                            ; Bx           ; Untyped                      ;
; INPUT_B_FIXED_VALUE                            ; Bx           ; Untyped                      ;
; USE_AHDL_IMPLEMENTATION                        ; OFF          ; Untyped                      ;
+------------------------------------------------+--------------+------------------------------+
Note: In order to hide this table in the UI and the text report file, please set the "Show Parameter Settings in Synthesis Report" option in "Analysis and Synthesis Settings -> More Settings" to "Off".


+-----------------------------------------------------------------------------------------------+
; Parameter Settings for Inferred Entity Instance: ds18b20_ctrl:ut_ds18b20_ctrl|lpm_divide:Div0 ;
+------------------------+----------------+-----------------------------------------------------+
; Parameter Name         ; Value          ; Type                                                ;
+------------------------+----------------+-----------------------------------------------------+
; LPM_WIDTHN             ; 14             ; Untyped                                             ;
; LPM_WIDTHD             ; 10             ; Untyped                                             ;
; LPM_NREPRESENTATION    ; UNSIGNED       ; Untyped                                             ;
; LPM_DREPRESENTATION    ; UNSIGNED       ; Untyped                                             ;
; LPM_PIPELINE           ; 0              ; Untyped                                             ;
; LPM_REMAINDERPOSITIVE  ; TRUE           ; Untyped                                             ;
; MAXIMIZE_SPEED         ; 5              ; Untyped                                             ;
; CBXI_PARAMETER         ; lpm_divide_dkm ; Untyped                                             ;
; CARRY_CHAIN            ; MANUAL         ; Untyped                                             ;
; OPTIMIZE_FOR_SPEED     ; 5              ; Untyped                                             ;
; AUTO_CARRY_CHAINS      ; ON             ; AUTO_CARRY                                          ;
; IGNORE_CARRY_BUFFERS   ; OFF            ; IGNORE_CARRY                                        ;
; AUTO_CASCADE_CHAINS    ; ON             ; AUTO_CASCADE                                        ;
; IGNORE_CASCADE_BUFFERS ; OFF            ; IGNORE_CASCADE                                      ;
+------------------------+----------------+-----------------------------------------------------+
Note: In order to hide this table in the UI and the text report file, please set the "Show Parameter Settings in Synthesis Report" option in "Analysis and Synthesis Settings -> More Settings" to "Off".


+--------------------------------------------------------------------------------------+
; Parameter Settings for Inferred Entity Instance: pwm_ctrl:ut_pwm_ctrl|lpm_mult:Mult0 ;
+------------------------------------------------+--------------+----------------------+
; Parameter Name                                 ; Value        ; Type                 ;
+------------------------------------------------+--------------+----------------------+
; AUTO_CARRY_CHAINS                              ; ON           ; AUTO_CARRY           ;
; IGNORE_CARRY_BUFFERS                           ; OFF          ; IGNORE_CARRY         ;
; AUTO_CASCADE_CHAINS                            ; ON           ; AUTO_CASCADE         ;
; IGNORE_CASCADE_BUFFERS                         ; OFF          ; IGNORE_CASCADE       ;
; LPM_WIDTHA                                     ; 7            ; Untyped              ;
; LPM_WIDTHB                                     ; 11           ; Untyped              ;
; LPM_WIDTHP                                     ; 18           ; Untyped              ;
; LPM_WIDTHR                                     ; 18           ; Untyped              ;
; LPM_WIDTHS                                     ; 1            ; Untyped              ;
; LPM_REPRESENTATION                             ; UNSIGNED     ; Untyped              ;
; LPM_PIPELINE                                   ; 0            ; Untyped              ;
; LATENCY                                        ; 0            ; Untyped              ;
; INPUT_A_IS_CONSTANT                            ; NO           ; Untyped              ;
; INPUT_B_IS_CONSTANT                            ; YES          ; Untyped              ;
; USE_EAB                                        ; OFF          ; Untyped              ;
; MAXIMIZE_SPEED                                 ; 6            ; Untyped              ;
; DEVICE_FAMILY                                  ; Cyclone IV E ; Untyped              ;
; CARRY_CHAIN                                    ; MANUAL       ; Untyped              ;
; APEX20K_TECHNOLOGY_MAPPER                      ; LUT          ; TECH_MAPPER_APEX20K  ;
; DEDICATED_MULTIPLIER_CIRCUITRY                 ; AUTO         ; Untyped              ;
; DEDICATED_MULTIPLIER_MIN_INPUT_WIDTH_FOR_AUTO  ; 0            ; Untyped              ;
; DEDICATED_MULTIPLIER_MIN_OUTPUT_WIDTH_FOR_AUTO ; 0            ; Untyped              ;
; CBXI_PARAMETER                                 ; NOTHING      ; Untyped              ;
; INPUT_A_FIXED_VALUE                            ; Bx           ; Untyped              ;
; INPUT_B_FIXED_VALUE                            ; Bx           ; Untyped              ;
; USE_AHDL_IMPLEMENTATION                        ; OFF          ; Untyped              ;
+------------------------------------------------+--------------+----------------------+
Note: In order to hide this table in the UI and the text report file, please set the "Show Parameter Settings in Synthesis Report" option in "Analysis and Synthesis Settings -> More Settings" to "Off".


+---------------------------------------------------------------------------------------+
; Parameter Settings for Inferred Entity Instance: pwm_ctrl:ut_pwm_ctrl|lpm_divide:Div0 ;
+------------------------+----------------+---------------------------------------------+
; Parameter Name         ; Value          ; Type                                        ;
+------------------------+----------------+---------------------------------------------+
; LPM_WIDTHN             ; 18             ; Untyped                                     ;
; LPM_WIDTHD             ; 7              ; Untyped                                     ;
; LPM_NREPRESENTATION    ; UNSIGNED       ; Untyped                                     ;
; LPM_DREPRESENTATION    ; UNSIGNED       ; Untyped                                     ;
; LPM_PIPELINE           ; 0              ; Untyped                                     ;
; LPM_REMAINDERPOSITIVE  ; TRUE           ; Untyped                                     ;
; MAXIMIZE_SPEED         ; 5              ; Untyped                                     ;
; CBXI_PARAMETER         ; lpm_divide_7jm ; Untyped                                     ;
; CARRY_CHAIN            ; MANUAL         ; Untyped                                     ;
; OPTIMIZE_FOR_SPEED     ; 5              ; Untyped                                     ;
; AUTO_CARRY_CHAINS      ; ON             ; AUTO_CARRY                                  ;
; IGNORE_CARRY_BUFFERS   ; OFF            ; IGNORE_CARRY                                ;
; AUTO_CASCADE_CHAINS    ; ON             ; AUTO_CASCADE                                ;
; IGNORE_CASCADE_BUFFERS ; OFF            ; IGNORE_CASCADE                              ;
+------------------------+----------------+---------------------------------------------+
Note: In order to hide this table in the UI and the text report file, please set the "Show Parameter Settings in Synthesis Report" option in "Analysis and Synthesis Settings -> More Settings" to "Off".


+-----------------------------------------------------------------------------------------+
; Parameter Settings for Inferred Entity Instance: speed_acq:ut_speed_acq|lpm_divide:Div0 ;
+------------------------+----------------+-----------------------------------------------+
; Parameter Name         ; Value          ; Type                                          ;
+------------------------+----------------+-----------------------------------------------+
; LPM_WIDTHN             ; 32             ; Untyped                                       ;
; LPM_WIDTHD             ; 32             ; Untyped                                       ;
; LPM_NREPRESENTATION    ; UNSIGNED       ; Untyped                                       ;
; LPM_DREPRESENTATION    ; UNSIGNED       ; Untyped                                       ;
; LPM_PIPELINE           ; 0              ; Untyped                                       ;
; LPM_REMAINDERPOSITIVE  ; TRUE           ; Untyped                                       ;
; MAXIMIZE_SPEED         ; 5              ; Untyped                                       ;
; CBXI_PARAMETER         ; lpm_divide_hkm ; Untyped                                       ;
; CARRY_CHAIN            ; MANUAL         ; Untyped                                       ;
; OPTIMIZE_FOR_SPEED     ; 5              ; Untyped                                       ;
; AUTO_CARRY_CHAINS      ; ON             ; AUTO_CARRY                                    ;
; IGNORE_CARRY_BUFFERS   ; OFF            ; IGNORE_CARRY                                  ;
; AUTO_CASCADE_CHAINS    ; ON             ; AUTO_CASCADE                                  ;
; IGNORE_CASCADE_BUFFERS ; OFF            ; IGNORE_CASCADE                                ;
+------------------------+----------------+-----------------------------------------------+
Note: In order to hide this table in the UI and the text report file, please set the "Show Parameter Settings in Synthesis Report" option in "Analysis and Synthesis Settings -> More Settings" to "Off".


+-------------------------------------------------------------------------------------------+
; Parameter Settings for Inferred Entity Instance: logic_ctrl:ut_logic_ctrl|lpm_divide:Div0 ;
+------------------------+----------------+-------------------------------------------------+
; Parameter Name         ; Value          ; Type                                            ;
+------------------------+----------------+-------------------------------------------------+
; LPM_WIDTHN             ; 32             ; Untyped                                         ;
; LPM_WIDTHD             ; 5              ; Untyped                                         ;
; LPM_NREPRESENTATION    ; UNSIGNED       ; Untyped                                         ;
; LPM_DREPRESENTATION    ; UNSIGNED       ; Untyped                                         ;
; LPM_PIPELINE           ; 0              ; Untyped                                         ;
; LPM_REMAINDERPOSITIVE  ; TRUE           ; Untyped                                         ;
; MAXIMIZE_SPEED         ; 5              ; Untyped                                         ;
; CBXI_PARAMETER         ; lpm_divide_1jm ; Untyped                                         ;
; CARRY_CHAIN            ; MANUAL         ; Untyped                                         ;
; OPTIMIZE_FOR_SPEED     ; 5              ; Untyped                                         ;
; AUTO_CARRY_CHAINS      ; ON             ; AUTO_CARRY                                      ;
; IGNORE_CARRY_BUFFERS   ; OFF            ; IGNORE_CARRY                                    ;
; AUTO_CASCADE_CHAINS    ; ON             ; AUTO_CASCADE                                    ;
; IGNORE_CASCADE_BUFFERS ; OFF            ; IGNORE_CASCADE                                  ;
+------------------------+----------------+-------------------------------------------------+
Note: In order to hide this table in the UI and the text report file, please set the "Show Parameter Settings in Synthesis Report" option in "Analysis and Synthesis Settings -> More Settings" to "Off".


+-------------------------------------------------------------------------------------------+
; Parameter Settings for Inferred Entity Instance: logic_ctrl:ut_logic_ctrl|lpm_divide:Div1 ;
+------------------------+----------------+-------------------------------------------------+
; Parameter Name         ; Value          ; Type                                            ;
+------------------------+----------------+-------------------------------------------------+
; LPM_WIDTHN             ; 32             ; Untyped                                         ;
; LPM_WIDTHD             ; 6              ; Untyped                                         ;
; LPM_NREPRESENTATION    ; UNSIGNED       ; Untyped                                         ;
; LPM_DREPRESENTATION    ; UNSIGNED       ; Untyped                                         ;
; LPM_PIPELINE           ; 0              ; Untyped                                         ;
; LPM_REMAINDERPOSITIVE  ; TRUE           ; Untyped                                         ;
; MAXIMIZE_SPEED         ; 5              ; Untyped                                         ;
; CBXI_PARAMETER         ; lpm_divide_2jm ; Untyped                                         ;
; CARRY_CHAIN            ; MANUAL         ; Untyped                                         ;
; OPTIMIZE_FOR_SPEED     ; 5              ; Untyped                                         ;
; AUTO_CARRY_CHAINS      ; ON             ; AUTO_CARRY                                      ;
; IGNORE_CARRY_BUFFERS   ; OFF            ; IGNORE_CARRY                                    ;
; AUTO_CASCADE_CHAINS    ; ON             ; AUTO_CASCADE                                    ;
; IGNORE_CASCADE_BUFFERS ; OFF            ; IGNORE_CASCADE                                  ;
+------------------------+----------------+-------------------------------------------------+
Note: In order to hide this table in the UI and the text report file, please set the "Show Parameter Settings in Synthesis Report" option in "Analysis and Synthesis Settings -> More Settings" to "Off".


+-------------------------------------------------------------------------------------+
; lpm_mult Parameter Settings by Entity Instance                                      ;
+---------------------------------------+---------------------------------------------+
; Name                                  ; Value                                       ;
+---------------------------------------+---------------------------------------------+
; Number of entity instances            ; 2                                           ;
; Entity Instance                       ; ds18b20_ctrl:ut_ds18b20_ctrl|lpm_mult:Mult0 ;
;     -- LPM_WIDTHA                     ; 11                                          ;
;     -- LPM_WIDTHB                     ; 10                                          ;
;     -- LPM_WIDTHP                     ; 21                                          ;
;     -- LPM_REPRESENTATION             ; UNSIGNED                                    ;
;     -- INPUT_A_IS_CONSTANT            ; NO                                          ;
;     -- INPUT_B_IS_CONSTANT            ; YES                                         ;
;     -- USE_EAB                        ; OFF                                         ;
;     -- DEDICATED_MULTIPLIER_CIRCUITRY ; AUTO                                        ;
;     -- INPUT_A_FIXED_VALUE            ; Bx                                          ;
;     -- INPUT_B_FIXED_VALUE            ; Bx                                          ;
; Entity Instance                       ; pwm_ctrl:ut_pwm_ctrl|lpm_mult:Mult0         ;
;     -- LPM_WIDTHA                     ; 7                                           ;
;     -- LPM_WIDTHB                     ; 11                                          ;
;     -- LPM_WIDTHP                     ; 18                                          ;
;     -- LPM_REPRESENTATION             ; UNSIGNED                                    ;
;     -- INPUT_A_IS_CONSTANT            ; NO                                          ;
;     -- INPUT_B_IS_CONSTANT            ; YES                                         ;
;     -- USE_EAB                        ; OFF                                         ;
;     -- DEDICATED_MULTIPLIER_CIRCUITRY ; AUTO                                        ;
;     -- INPUT_A_FIXED_VALUE            ; Bx                                          ;
;     -- INPUT_B_FIXED_VALUE            ; Bx                                          ;
+---------------------------------------+---------------------------------------------+


+-------------------------------+
; Elapsed Time Per Partition    ;
+----------------+--------------+
; Partition Name ; Elapsed Time ;
+----------------+--------------+
; Top            ; 00:00:06     ;
+----------------+--------------+


+-------------------------------+
; Analysis & Synthesis Messages ;
+-------------------------------+
Info: *******************************************************************
Info: Running Quartus II 64-Bit Analysis & Synthesis
    Info: Version 13.0.1 Build 232 06/12/2013 Service Pack 1 SJ Full Version
    Info: Processing started: Sat Jan 04 22:21:36 2025
Info: Command: quartus_map --read_settings_files=on --write_settings_files=off SmartFans -c SmartFans
Info (11104): Parallel Compilation has detected 20 hyper-threaded processors. However, the extra hyper-threaded processors will not be used by default. Parallel Compilation will use 14 of the 14 physical processors detected instead.
Info (12021): Found 1 design units, including 1 entities, in source file /project/quartusprj/school/smartfans/rtl/ds18b20_ctrl.v
    Info (12023): Found entity 1: ds18b20_ctrl
Info (12021): Found 1 design units, including 1 entities, in source file /project/quartusprj/school/smartfans/rtl/uart_tx.v
    Info (12023): Found entity 1: uart_tx
Info (12021): Found 1 design units, including 1 entities, in source file /project/quartusprj/school/smartfans/rtl/speed_acq.v
    Info (12023): Found entity 1: speed_acq
Info (12021): Found 1 design units, including 1 entities, in source file /project/quartusprj/school/smartfans/rtl/uart_rx.v
    Info (12023): Found entity 1: uart_rx
Info (12021): Found 1 design units, including 1 entities, in source file /project/quartusprj/school/smartfans/rtl/smartfans.v
    Info (12023): Found entity 1: SmartFans
Info (12021): Found 1 design units, including 1 entities, in source file /project/quartusprj/school/smartfans/rtl/pwm_ctrl.v
    Info (12023): Found entity 1: pwm_ctrl
Info (12021): Found 1 design units, including 1 entities, in source file /project/quartusprj/school/smartfans/rtl/logic_ctrl.v
    Info (12023): Found entity 1: logic_ctrl
Info (12127): Elaborating entity "SmartFans" for the top level hierarchy
Info (12128): Elaborating entity "logic_ctrl" for hierarchy "logic_ctrl:ut_logic_ctrl"
Warning (10230): Verilog HDL assignment warning at logic_ctrl.v(37): truncated value with size 32 to match size of target (7)
Warning (10230): Verilog HDL assignment warning at logic_ctrl.v(39): truncated value with size 32 to match size of target (7)
Warning (10230): Verilog HDL assignment warning at logic_ctrl.v(41): truncated value with size 32 to match size of target (7)
Info (12128): Elaborating entity "pwm_ctrl" for hierarchy "pwm_ctrl:ut_pwm_ctrl"
Warning (10230): Verilog HDL assignment warning at pwm_ctrl.v(11): truncated value with size 32 to match size of target (11)
Warning (10230): Verilog HDL assignment warning at pwm_ctrl.v(19): truncated value with size 32 to match size of target (11)
Info (12128): Elaborating entity "uart_rx" for hierarchy "uart_rx:ut_uart_rx"
Info (12128): Elaborating entity "uart_tx" for hierarchy "uart_tx:ut_uart_tx"
Info (12128): Elaborating entity "speed_acq" for hierarchy "speed_acq:ut_speed_acq"
Warning (10230): Verilog HDL assignment warning at speed_acq.v(55): truncated value with size 32 to match size of target (16)
Info (12128): Elaborating entity "ds18b20_ctrl" for hierarchy "ds18b20_ctrl:ut_ds18b20_ctrl"
Warning (10230): Verilog HDL assignment warning at ds18b20_ctrl.v(37): truncated value with size 14 to match size of target (8)
Warning (10230): Verilog HDL assignment warning at ds18b20_ctrl.v(250): truncated value with size 16 to match size of target (11)
Info (278001): Inferred 7 megafunctions from design logic
    Info (278003): Inferred multiplier megafunction ("lpm_mult") from the following logic: "ds18b20_ctrl:ut_ds18b20_ctrl|Mult0"
    Info (278004): Inferred divider/modulo megafunction ("lpm_divide") from the following logic: "ds18b20_ctrl:ut_ds18b20_ctrl|Div0"
    Info (278003): Inferred multiplier megafunction ("lpm_mult") from the following logic: "pwm_ctrl:ut_pwm_ctrl|Mult0"
    Info (278004): Inferred divider/modulo megafunction ("lpm_divide") from the following logic: "pwm_ctrl:ut_pwm_ctrl|Div0"
    Info (278004): Inferred divider/modulo megafunction ("lpm_divide") from the following logic: "speed_acq:ut_speed_acq|Div0"
    Info (278004): Inferred divider/modulo megafunction ("lpm_divide") from the following logic: "logic_ctrl:ut_logic_ctrl|Div0"
    Info (278004): Inferred divider/modulo megafunction ("lpm_divide") from the following logic: "logic_ctrl:ut_logic_ctrl|Div1"
Info (12130): Elaborated megafunction instantiation "ds18b20_ctrl:ut_ds18b20_ctrl|lpm_mult:Mult0"
Info (12133): Instantiated megafunction "ds18b20_ctrl:ut_ds18b20_ctrl|lpm_mult:Mult0" with the following parameter:
    Info (12134): Parameter "LPM_WIDTHA" = "11"
    Info (12134): Parameter "LPM_WIDTHB" = "10"
    Info (12134): Parameter "LPM_WIDTHP" = "21"
    Info (12134): Parameter "LPM_WIDTHR" = "21"
    Info (12134): Parameter "LPM_WIDTHS" = "1"
    Info (12134): Parameter "LPM_REPRESENTATION" = "UNSIGNED"
    Info (12134): Parameter "INPUT_A_IS_CONSTANT" = "NO"
    Info (12134): Parameter "INPUT_B_IS_CONSTANT" = "YES"
    Info (12134): Parameter "MAXIMIZE_SPEED" = "6"
Info (12131): Elaborated megafunction instantiation "ds18b20_ctrl:ut_ds18b20_ctrl|lpm_mult:Mult0|multcore:mult_core", which is child of megafunction instantiation "ds18b20_ctrl:ut_ds18b20_ctrl|lpm_mult:Mult0"
Info (12131): Elaborated megafunction instantiation "ds18b20_ctrl:ut_ds18b20_ctrl|lpm_mult:Mult0|multcore:mult_core|mpar_add:padder", which is child of megafunction instantiation "ds18b20_ctrl:ut_ds18b20_ctrl|lpm_mult:Mult0"
Info (12131): Elaborated megafunction instantiation "ds18b20_ctrl:ut_ds18b20_ctrl|lpm_mult:Mult0|multcore:mult_core|mpar_add:padder|lpm_add_sub:adder[0]", which is child of megafunction instantiation "ds18b20_ctrl:ut_ds18b20_ctrl|lpm_mult:Mult0"
Info (12021): Found 1 design units, including 1 entities, in source file db/add_sub_ngh.tdf
    Info (12023): Found entity 1: add_sub_ngh
Info (12131): Elaborated megafunction instantiation "ds18b20_ctrl:ut_ds18b20_ctrl|lpm_mult:Mult0|multcore:mult_core|mpar_add:padder|mpar_add:sub_par_add", which is child of megafunction instantiation "ds18b20_ctrl:ut_ds18b20_ctrl|lpm_mult:Mult0"
Info (12131): Elaborated megafunction instantiation "ds18b20_ctrl:ut_ds18b20_ctrl|lpm_mult:Mult0|multcore:mult_core|mpar_add:padder|mpar_add:sub_par_add|lpm_add_sub:adder[0]", which is child of megafunction instantiation "ds18b20_ctrl:ut_ds18b20_ctrl|lpm_mult:Mult0"
Info (12021): Found 1 design units, including 1 entities, in source file db/add_sub_rgh.tdf
    Info (12023): Found entity 1: add_sub_rgh
Info (12131): Elaborated megafunction instantiation "ds18b20_ctrl:ut_ds18b20_ctrl|lpm_mult:Mult0|altshift:external_latency_ffs", which is child of megafunction instantiation "ds18b20_ctrl:ut_ds18b20_ctrl|lpm_mult:Mult0"
Info (12130): Elaborated megafunction instantiation "ds18b20_ctrl:ut_ds18b20_ctrl|lpm_divide:Div0"
Info (12133): Instantiated megafunction "ds18b20_ctrl:ut_ds18b20_ctrl|lpm_divide:Div0" with the following parameter:
    Info (12134): Parameter "LPM_WIDTHN" = "14"
    Info (12134): Parameter "LPM_WIDTHD" = "10"
    Info (12134): Parameter "LPM_NREPRESENTATION" = "UNSIGNED"
    Info (12134): Parameter "LPM_DREPRESENTATION" = "UNSIGNED"
Info (12021): Found 1 design units, including 1 entities, in source file db/lpm_divide_dkm.tdf
    Info (12023): Found entity 1: lpm_divide_dkm
Info (12021): Found 1 design units, including 1 entities, in source file db/sign_div_unsign_5nh.tdf
    Info (12023): Found entity 1: sign_div_unsign_5nh
Info (12021): Found 1 design units, including 1 entities, in source file db/alt_u_div_u9f.tdf
    Info (12023): Found entity 1: alt_u_div_u9f
Info (12021): Found 1 design units, including 1 entities, in source file db/add_sub_7pc.tdf
    Info (12023): Found entity 1: add_sub_7pc
Info (12021): Found 1 design units, including 1 entities, in source file db/add_sub_8pc.tdf
    Info (12023): Found entity 1: add_sub_8pc
Info (12130): Elaborated megafunction instantiation "pwm_ctrl:ut_pwm_ctrl|lpm_mult:Mult0"
Info (12133): Instantiated megafunction "pwm_ctrl:ut_pwm_ctrl|lpm_mult:Mult0" with the following parameter:
    Info (12134): Parameter "LPM_WIDTHA" = "7"
    Info (12134): Parameter "LPM_WIDTHB" = "11"
    Info (12134): Parameter "LPM_WIDTHP" = "18"
    Info (12134): Parameter "LPM_WIDTHR" = "18"
    Info (12134): Parameter "LPM_WIDTHS" = "1"
    Info (12134): Parameter "LPM_REPRESENTATION" = "UNSIGNED"
    Info (12134): Parameter "INPUT_A_IS_CONSTANT" = "NO"
    Info (12134): Parameter "INPUT_B_IS_CONSTANT" = "YES"
    Info (12134): Parameter "MAXIMIZE_SPEED" = "6"
Info (12131): Elaborated megafunction instantiation "pwm_ctrl:ut_pwm_ctrl|lpm_mult:Mult0|multcore:mult_core", which is child of megafunction instantiation "pwm_ctrl:ut_pwm_ctrl|lpm_mult:Mult0"
Info (12131): Elaborated megafunction instantiation "pwm_ctrl:ut_pwm_ctrl|lpm_mult:Mult0|multcore:mult_core|mpar_add:padder", which is child of megafunction instantiation "pwm_ctrl:ut_pwm_ctrl|lpm_mult:Mult0"
Info (12131): Elaborated megafunction instantiation "pwm_ctrl:ut_pwm_ctrl|lpm_mult:Mult0|multcore:mult_core|mpar_add:padder|lpm_add_sub:adder[0]", which is child of megafunction instantiation "pwm_ctrl:ut_pwm_ctrl|lpm_mult:Mult0"
Info (12021): Found 1 design units, including 1 entities, in source file db/add_sub_ogh.tdf
    Info (12023): Found entity 1: add_sub_ogh
Info (12131): Elaborated megafunction instantiation "pwm_ctrl:ut_pwm_ctrl|lpm_mult:Mult0|altshift:external_latency_ffs", which is child of megafunction instantiation "pwm_ctrl:ut_pwm_ctrl|lpm_mult:Mult0"
Info (12130): Elaborated megafunction instantiation "pwm_ctrl:ut_pwm_ctrl|lpm_divide:Div0"
Info (12133): Instantiated megafunction "pwm_ctrl:ut_pwm_ctrl|lpm_divide:Div0" with the following parameter:
    Info (12134): Parameter "LPM_WIDTHN" = "18"
    Info (12134): Parameter "LPM_WIDTHD" = "7"
    Info (12134): Parameter "LPM_NREPRESENTATION" = "UNSIGNED"
    Info (12134): Parameter "LPM_DREPRESENTATION" = "UNSIGNED"
Info (12021): Found 1 design units, including 1 entities, in source file db/lpm_divide_7jm.tdf
    Info (12023): Found entity 1: lpm_divide_7jm
Info (12021): Found 1 design units, including 1 entities, in source file db/sign_div_unsign_vlh.tdf
    Info (12023): Found entity 1: sign_div_unsign_vlh
Info (12021): Found 1 design units, including 1 entities, in source file db/alt_u_div_i7f.tdf
    Info (12023): Found entity 1: alt_u_div_i7f
Info (12130): Elaborated megafunction instantiation "speed_acq:ut_speed_acq|lpm_divide:Div0"
Info (12133): Instantiated megafunction "speed_acq:ut_speed_acq|lpm_divide:Div0" with the following parameter:
    Info (12134): Parameter "LPM_WIDTHN" = "32"
    Info (12134): Parameter "LPM_WIDTHD" = "32"
    Info (12134): Parameter "LPM_NREPRESENTATION" = "UNSIGNED"
    Info (12134): Parameter "LPM_DREPRESENTATION" = "UNSIGNED"
Info (12021): Found 1 design units, including 1 entities, in source file db/lpm_divide_hkm.tdf
    Info (12023): Found entity 1: lpm_divide_hkm
Info (12021): Found 1 design units, including 1 entities, in source file db/sign_div_unsign_9nh.tdf
    Info (12023): Found entity 1: sign_div_unsign_9nh
Info (12021): Found 1 design units, including 1 entities, in source file db/alt_u_div_6af.tdf
    Info (12023): Found entity 1: alt_u_div_6af
Info (12130): Elaborated megafunction instantiation "logic_ctrl:ut_logic_ctrl|lpm_divide:Div0"
Info (12133): Instantiated megafunction "logic_ctrl:ut_logic_ctrl|lpm_divide:Div0" with the following parameter:
    Info (12134): Parameter "LPM_WIDTHN" = "32"
    Info (12134): Parameter "LPM_WIDTHD" = "5"
    Info (12134): Parameter "LPM_NREPRESENTATION" = "UNSIGNED"
    Info (12134): Parameter "LPM_DREPRESENTATION" = "UNSIGNED"
Info (12021): Found 1 design units, including 1 entities, in source file db/lpm_divide_1jm.tdf
    Info (12023): Found entity 1: lpm_divide_1jm
Info (12021): Found 1 design units, including 1 entities, in source file db/sign_div_unsign_plh.tdf
    Info (12023): Found entity 1: sign_div_unsign_plh
Info (12021): Found 1 design units, including 1 entities, in source file db/alt_u_div_67f.tdf
    Info (12023): Found entity 1: alt_u_div_67f
Info (12130): Elaborated megafunction instantiation "logic_ctrl:ut_logic_ctrl|lpm_divide:Div1"
Info (12133): Instantiated megafunction "logic_ctrl:ut_logic_ctrl|lpm_divide:Div1" with the following parameter:
    Info (12134): Parameter "LPM_WIDTHN" = "32"
    Info (12134): Parameter "LPM_WIDTHD" = "6"
    Info (12134): Parameter "LPM_NREPRESENTATION" = "UNSIGNED"
    Info (12134): Parameter "LPM_DREPRESENTATION" = "UNSIGNED"
Info (12021): Found 1 design units, including 1 entities, in source file db/lpm_divide_2jm.tdf
    Info (12023): Found entity 1: lpm_divide_2jm
Info (12021): Found 1 design units, including 1 entities, in source file db/sign_div_unsign_qlh.tdf
    Info (12023): Found entity 1: sign_div_unsign_qlh
Info (12021): Found 1 design units, including 1 entities, in source file db/alt_u_div_87f.tdf
    Info (12023): Found entity 1: alt_u_div_87f
Info (13000): Registers with preset signals will power-up high
Info (13003): DEV_CLRn pin will set, and not reset, register with preset signal due to NOT Gate Push-Back
Info (286030): Timing-Driven Synthesis is running
Info (17049): 3 registers lost all their fanouts during netlist optimizations.
Info (16010): Generating hard_block partition "hard_block:auto_generated_inst"
    Info (16011): Adding 0 node(s), including 0 DDIO, 0 PLL, 0 transceiver and 0 LCELL
Info (21057): Implemented 2167 device resources after synthesis - the final resource count might be different
    Info (21058): Implemented 4 input pins
    Info (21059): Implemented 2 output pins
    Info (21060): Implemented 1 bidirectional pins
    Info (21061): Implemented 2160 logic cells
Info: Quartus II 64-Bit Analysis & Synthesis was successful. 0 errors, 8 warnings
    Info: Peak virtual memory: 4721 megabytes
    Info: Processing ended: Sat Jan 04 22:21:44 2025
    Info: Elapsed time: 00:00:08
    Info: Total CPU time (on all processors): 00:00:06


